// Jest Snapshot v1, https://goo.gl/fbAQLP

exports[`FavoritesContainer  Should match its snapshot 1`] = `
<FavoritesContainer
  currentPage={2}
  empty={false}
  error={false}
  favorites={
    Array [
      Object {},
      undefined,
      undefined,
    ]
  }
  getFavoritesRequest={[Function]}
  loading={true}
  operationsFavoritesRequest={[Function]}
  store={
    Object {
      "clearActions": [Function],
      "dispatch": [MockFunction],
      "getActions": [Function],
      "getState": [Function],
      "replaceReducer": [Function],
      "subscribe": [Function],
    }
  }
  totalResults={1}
/>
`;
