// Jest Snapshot v1, https://goo.gl/fbAQLP

exports[`TrendingMoviesContainer  Should match its snapshot 1`] = `
<withRouter(TrendingMoviesContainer)
  empty={false}
  error={false}
  fetchDataRequest={[Function]}
  loading={false}
  store={
    Object {
      "clearActions": [Function],
      "dispatch": [MockFunction],
      "getActions": [Function],
      "getState": [Function],
      "replaceReducer": [Function],
      "subscribe": [Function],
    }
  }
  topFilms={
    Array [
      Object {
        "id": 1,
        "overview": "some text",
      },
    ]
  }
/>
`;
