// Jest Snapshot v1, https://goo.gl/fbAQLP

exports[`Component: Movies Snapshot: should match. Field without errors 1`] = `
<PageLayout
  array={
    Array [
      Object {
        "id": 1,
      },
    ]
  }
  currentPage={1}
  empty={false}
  error={false}
  goToNextPage={[MockFunction]}
  history={
    Object {
      "push": [MockFunction],
    }
  }
  loading={false}
  operations={[Function]}
  removeBox={false}
  title=""
  totalResults={10}
/>
`;
