// Jest Snapshot v1, https://goo.gl/fbAQLP

exports[`FavoritesContainer  Should match its snapshot 1`] = `
<CardItem
  handleRemoveWatchModal={[Function]}
  handleShowMoreDetails={[Function]}
  history={
    Object {
      "push": [MockFunction],
    }
  }
  item={Object {}}
  operations={[MockFunction]}
  removeBox={false}
/>
`;
