// Jest Snapshot v1, https://goo.gl/fbAQLP

exports[`CardItemContainer  Should match its snapshot 1`] = `
<CardItem
  handleRemoveWatchModal={[Function]}
  handleShowMoreDetails={[Function]}
  history={
    Object {
      "location": Object {
        "pathname": "",
      },
      "push": [MockFunction],
    }
  }
  item={
    Object {
      "id": 1,
    }
  }
  operations={[MockFunction]}
  removeBox={false}
/>
`;
