// Jest Snapshot v1, https://goo.gl/fbAQLP

exports[`Component: LoginForm should match its snapshot. Display errors in inputs 1`] = `
<Form>
  <FormikConnect(FieldInner)
    component={[Function]}
    name="username"
  />
  <FormikConnect(FieldInner)
    component={[Function]}
    name="password"
  />
  <FormikConnect(FieldInner)
    component={[Function]}
  />
</Form>
`;

exports[`Component: LoginForm should match its snapshot. Display errors in inputs 2`] = `
<Form>
  <FormikConnect(FieldInner)
    component={[Function]}
    name="username"
  />
  <FormikConnect(FieldInner)
    component={[Function]}
    name="password"
  />
  <FormikConnect(FieldInner)
    component={[Function]}
  />
</Form>
`;
