// Jest Snapshot v1, https://goo.gl/fbAQLP

exports[`Component: ListDetails Snapshot: should match 1`] = `
<PageLayout
  array={
    Array [
      Object {
        "id": 1,
      },
    ]
  }
  empty={false}
  error={false}
  history={
    Object {
      "push": [MockFunction],
    }
  }
  loading={false}
  operations={[MockFunction]}
  removeBox={true}
  title="Comedy"
/>
`;
