// Jest Snapshot v1, https://goo.gl/fbAQLP

exports[`Container: MyListsContainer Snapshot: should match 1`] = `
<MyList
  currentPage={2}
  deleteListRequest={[Function]}
  empty={false}
  error={false}
  getCreatedListRequest={[Function]}
  goToNextPage={[Function]}
  hideModal={[Function]}
  loading={false}
  myLists={
    Array [
      Object {
        "id": 1,
      },
      undefined,
      undefined,
    ]
  }
  showModal={[Function]}
  store={
    Object {
      "clearActions": [Function],
      "dispatch": [MockFunction] {
        "calls": Array [
          Array [
            Object {
              "payload": 1,
              "type": "GET_CREATED_LIST_REQUEST",
            },
          ],
        ],
        "results": Array [
          Object {
            "type": "return",
            "value": undefined,
          },
        ],
      },
      "getActions": [Function],
      "getState": [Function],
      "replaceReducer": [Function],
      "subscribe": [Function],
    }
  }
  totalResults={10}
  visibleMod={false}
/>
`;
