// Jest Snapshot v1, https://goo.gl/fbAQLP

exports[`WatchListContainer  Should match its snapshot 1`] = `
<WatchList
  currentPage={2}
  empty={false}
  error={false}
  getWatchListRequest={[Function]}
  goToNextPage={[Function]}
  history={
    Object {
      "push": [Function],
    }
  }
  loading={true}
  operationsWatchListRequest={[Function]}
  store={
    Object {
      "clearActions": [Function],
      "dispatch": [MockFunction] {
        "calls": Array [
          Array [
            Object {
              "payload": 1,
              "type": "GET_WATCHLIST_REQUEST",
            },
          ],
        ],
        "results": Array [
          Object {
            "type": "return",
            "value": undefined,
          },
        ],
      },
      "getActions": [Function],
      "getState": [Function],
      "replaceReducer": [Function],
      "subscribe": [Function],
    }
  }
  totalResults={1}
  watchList={
    Array [
      Object {},
    ]
  }
/>
`;
