// Jest Snapshot v1, https://goo.gl/fbAQLP

exports[`Component: UserInfo Snapshot: should match 1`] = `
<styled.div>
  <span>
    USERNAME
  </span>
  <Button
    block={false}
    ghost={false}
    htmlType="button"
    loading={false}
    onClick={[MockFunction]}
    type="primary"
  >
    Logout
  </Button>
</styled.div>
`;
