// Jest Snapshot v1, https://goo.gl/fbAQLP

exports[`Container: Header Snapshot: should match 1`] = `
<ContextProvider
  value={null}
>
  <ParentForm
    dispatch={[Function]}
    isLogin={true}
    store={
      Object {
        "clearActions": [Function],
        "dispatch": [Function],
        "getActions": [Function],
        "getState": [Function],
        "replaceReducer": [Function],
        "subscribe": [Function],
      }
    }
  />
</ContextProvider>
`;
