// Jest Snapshot v1, https://goo.gl/fbAQLP

exports[`Container: Header Snapshot: should match 1`] = `
<ParentForm
  dispatch={[Function]}
  isLogin={false}
  store={
    Object {
      "clearActions": [Function],
      "dispatch": [Function],
      "getActions": [Function],
      "getState": [Function],
      "replaceReducer": [Function],
      "subscribe": [Function],
    }
  }
/>
`;
