// Jest Snapshot v1, https://goo.gl/fbAQLP

exports[`TopFilmsContainer  Snapshot: connected container. 1`] = `
<TopFilmsContainer
  error={false}
  fetchDataRequest={[Function]}
  loading={false}
  store={
    Object {
      "clearActions": [Function],
      "dispatch": [Function],
      "getActions": [Function],
      "getState": [Function],
      "replaceReducer": [Function],
      "subscribe": [Function],
    }
  }
  topFilms={
    Array [
      Object {},
    ]
  }
/>
`;
