// Jest Snapshot v1, https://goo.gl/fbAQLP

exports[`Component: Content Match its snapshot 1`] = `
<ContextProvider
  value={null}
>
  <PageContent
    dispatch={[Function]}
    searchResponse={10}
    store={
      Object {
        "clearActions": [Function],
        "dispatch": [Function],
        "getActions": [Function],
        "getState": [Function],
        "replaceReducer": [Function],
        "subscribe": [Function],
      }
    }
  />
</ContextProvider>
`;
