// Jest Snapshot v1, https://goo.gl/fbAQLP

exports[`WatchListActionContainer  Should match its snapshot 1`] = `
<WatchListActionContainer
  movieId={777}
  operationsWatchListRequest={[Function]}
  store={
    Object {
      "clearActions": [Function],
      "dispatch": [MockFunction],
      "getActions": [Function],
      "getState": [Function],
      "replaceReducer": [Function],
      "subscribe": [Function],
    }
  }
/>
`;
